| Test.java:4:14:4:36 | replaceAll(...) | This call to 'replaceAll' should be a call to 'replace' as its $@ is not a regular expression. | Test.java:4:28:4:30 | "t" | first argument |
