| gen_slice_type_repr.rs:7:13:7:17 | SliceTypeRepr | hasTypeRepr: | yes |
