| gen_const.rs:4:5:7:22 | Const | hasExtendedCanonicalPath: | no | hasCrateOrigin: | no | hasAttributeMacroExpansion: | no | getNumberOfAttrs: | 0 | hasBody: | yes | isConst: | yes | isDefault: | no | hasName: | yes | hasTypeRepr: | yes | hasVisibility: | no |
