| gen_const.rs:4:5:7:22 | Const | gen_const.rs:7:20:7:21 | 42 |
