| gen_type_param.rs:7:12:7:12 | T | gen_type_param.rs:7:12:7:12 | T |
