| gen_extern_item_list.rs:7:16:10:5 | ExternItemList | getNumberOfAttrs: | 0 | getNumberOfExternItems: | 2 |
