multipleCanonicalPaths
| file://:0:0:0:0 | fn to_ordering | file://:0:0:0:0 | Crate(typenum@1.18.0) | <typenum::Equal as core::cmp::Ord>::to_ordering |
| file://:0:0:0:0 | fn to_ordering | file://:0:0:0:0 | Crate(typenum@1.18.0) | <typenum::Equal as typenum::marker_traits::Ord>::to_ordering |
| file://:0:0:0:0 | fn to_ordering | file://:0:0:0:0 | Crate(typenum@1.18.0) | <typenum::Greater as core::cmp::Ord>::to_ordering |
| file://:0:0:0:0 | fn to_ordering | file://:0:0:0:0 | Crate(typenum@1.18.0) | <typenum::Greater as typenum::marker_traits::Ord>::to_ordering |
| file://:0:0:0:0 | fn to_ordering | file://:0:0:0:0 | Crate(typenum@1.18.0) | <typenum::Less as core::cmp::Ord>::to_ordering |
| file://:0:0:0:0 | fn to_ordering | file://:0:0:0:0 | Crate(typenum@1.18.0) | <typenum::Less as typenum::marker_traits::Ord>::to_ordering |
| file://:0:0:0:0 | impl Ord for Equal { ... } | file://:0:0:0:0 | Crate(typenum@1.18.0) | <typenum::Equal as core::cmp::Ord> |
| file://:0:0:0:0 | impl Ord for Equal { ... } | file://:0:0:0:0 | Crate(typenum@1.18.0) | <typenum::Equal as typenum::marker_traits::Ord> |
| file://:0:0:0:0 | impl Ord for Greater { ... } | file://:0:0:0:0 | Crate(typenum@1.18.0) | <typenum::Greater as core::cmp::Ord> |
| file://:0:0:0:0 | impl Ord for Greater { ... } | file://:0:0:0:0 | Crate(typenum@1.18.0) | <typenum::Greater as typenum::marker_traits::Ord> |
| file://:0:0:0:0 | impl Ord for Less { ... } | file://:0:0:0:0 | Crate(typenum@1.18.0) | <typenum::Less as core::cmp::Ord> |
| file://:0:0:0:0 | impl Ord for Less { ... } | file://:0:0:0:0 | Crate(typenum@1.18.0) | <typenum::Less as typenum::marker_traits::Ord> |
