| gen_dyn_trait_type_repr.rs:7:13:7:21 | DynTraitTypeRepr | hasTypeBoundList: | yes |
