| gen_attr.rs:7:5:7:20 | Attr | gen_attr.rs:7:7:7:19 | Meta |
