| gen_asm_options_list.rs:8:14:8:36 | AsmOptionsList | getNumberOfAsmOptions: | 2 |
