| gen_for_expr.rs:7:5:9:5 | for ... in ... { ... } | gen_for_expr.rs:7:20:9:5 | { ... } |
