| gen_where_clause.rs:7:21:7:34 | WhereClause | getNumberOfPredicates: | 1 |
