ql/swift/ql/src/diagnostics/ExtractedFiles.ql
ql/swift/ql/src/diagnostics/SuccessfullyExtractedLines.ql
ql/swift/ql/src/diagnostics/internal/AstNodes.ql
ql/swift/ql/src/diagnostics/internal/ExtractionErrors.ql
ql/swift/ql/src/diagnostics/internal/UnresolvedAstNodes.ql
ql/swift/ql/src/queries/Security/CWE-020/IncompleteHostnameRegex.ql
ql/swift/ql/src/queries/Security/CWE-020/MissingRegexAnchor.ql
ql/swift/ql/src/queries/Security/CWE-022/PathInjection.ql
ql/swift/ql/src/queries/Security/CWE-078/CommandInjection.ql
ql/swift/ql/src/queries/Security/CWE-079/UnsafeWebViewFetch.ql
ql/swift/ql/src/queries/Security/CWE-089/SqlInjection.ql
ql/swift/ql/src/queries/Security/CWE-094/UnsafeJsEval.ql
ql/swift/ql/src/queries/Security/CWE-116/BadTagFilter.ql
ql/swift/ql/src/queries/Security/CWE-1204/StaticInitializationVector.ql
ql/swift/ql/src/queries/Security/CWE-1333/ReDoS.ql
ql/swift/ql/src/queries/Security/CWE-134/UncontrolledFormatString.ql
ql/swift/ql/src/queries/Security/CWE-135/StringLengthConflation.ql
ql/swift/ql/src/queries/Security/CWE-311/CleartextStorageDatabase.ql
ql/swift/ql/src/queries/Security/CWE-311/CleartextTransmission.ql
ql/swift/ql/src/queries/Security/CWE-312/CleartextLogging.ql
ql/swift/ql/src/queries/Security/CWE-312/CleartextStoragePreferences.ql
ql/swift/ql/src/queries/Security/CWE-327/ECBEncryption.ql
ql/swift/ql/src/queries/Security/CWE-328/WeakPasswordHashing.ql
ql/swift/ql/src/queries/Security/CWE-328/WeakSensitiveDataHashing.ql
ql/swift/ql/src/queries/Security/CWE-611/XXE.ql
ql/swift/ql/src/queries/Security/CWE-730/RegexInjection.ql
ql/swift/ql/src/queries/Security/CWE-757/InsecureTLS.ql
ql/swift/ql/src/queries/Security/CWE-760/ConstantSalt.ql
ql/swift/ql/src/queries/Security/CWE-916/InsufficientHashIterations.ql
ql/swift/ql/src/queries/Security/CWE-943/PredicateInjection.ql
