| gen_paren_pat.rs:7:9:7:11 | (...) | hasPat: | yes |
