nonUniqueSetRepresentation
breakInvariant2
breakInvariant3
breakInvariant4
breakInvariant5
multipleSuccessors
| functions.ps1:16:9:16:24 | name1 | successor | functions.ps1:16:24:16:24 | 0 |
| functions.ps1:16:9:16:24 | name1 | successor | functions.ps1:17:9:17:33 | name2 |
| functions.ps1:16:24:16:24 | 0 | successor | functions.ps1:17:9:17:33 | name2 |
| functions.ps1:16:24:16:24 | 0 | successor | functions.ps1:17:24:17:29 | name1 |
| functions.ps1:17:9:17:33 | name2 | successor | functions.ps1:13:28:20:1 | [synth] pipeline |
| functions.ps1:17:9:17:33 | name2 | successor | functions.ps1:17:24:17:29 | name1 |
| functions.ps1:17:24:17:33 | ...+... | successor | functions.ps1:13:28:20:1 | [synth] pipeline |
| functions.ps1:17:24:17:33 | ...+... | successor | functions.ps1:15:9:15:20 | name0 |
| functions.ps1:46:17:46:18 | __pipeline_iterator | successor | functions.ps1:44:5:47:5 | [synth] pipeline |
| functions.ps1:46:17:46:18 | __pipeline_iterator | successor | functions.ps1:48:5:51:5 | {...} |
| loops.ps1:45:14:45:19 | ...+... | successor | loops.ps1:44:18:44:19 | i |
| loops.ps1:45:14:45:19 | ...+... | successor | loops.ps1:44:29:44:39 | ...=... |
simpleAndNormalSuccessors
deadEnd
nonUniqueSplitKind
nonUniqueListOrder
multipleToString
scopeNoFirst
