| gen_macro_def.rs:4:5:9:5 | MacroDef | gen_macro_def.rs:7:15:7:24 | vec_of_two |
