| gen_lifetime_param.rs:7:12:7:13 | LifetimeParam | gen_lifetime_param.rs:7:12:7:13 | 'a |
