| gen_rename.rs:7:13:7:18 | Rename | hasName: | yes |
