| gen_method_call_expr.rs:5:5:5:13 | x.foo(...) | 0 | gen_method_call_expr.rs:5:11:5:12 | 42 |
| gen_method_call_expr.rs:6:5:6:25 | x.foo(...) | 0 | gen_method_call_expr.rs:6:23:6:24 | 42 |
