| gen_meta.rs:7:7:7:46 | Meta | gen_meta.rs:7:27:7:45 | "reason_for_bypass" |
