| gen_variant_list.rs:7:12:7:22 | VariantList | getNumberOfVariants: | 3 |
