| HashedButNoHash.cs:9:15:9:18 | this access | This expression is hashed, but type 'Test' only defines Equals(...) not GetHashCode(). |
| HashedButNoHash.cs:10:20:10:23 | this access | This expression is hashed, but type 'Test' only defines Equals(...) not GetHashCode(). |
| HashedButNoHash.cs:11:23:11:26 | this access | This expression is hashed, but type 'Test' only defines Equals(...) not GetHashCode(). |
| HashedButNoHash.cs:12:11:12:14 | this access | This expression is hashed, but type 'Test' only defines Equals(...) not GetHashCode(). |
| HashedButNoHash.cs:13:18:13:21 | this access | This expression is hashed, but type 'Test' only defines Equals(...) not GetHashCode(). |
| HashedButNoHash.cs:19:15:19:18 | this access | This expression is hashed, but type 'Test' only defines Equals(...) not GetHashCode(). |
| HashedButNoHash.cs:20:23:20:26 | this access | This expression is hashed, but type 'Test' only defines Equals(...) not GetHashCode(). |
| HashedButNoHash.cs:21:11:21:14 | this access | This expression is hashed, but type 'Test' only defines Equals(...) not GetHashCode(). |
| HashedButNoHash.cs:22:18:22:21 | this access | This expression is hashed, but type 'Test' only defines Equals(...) not GetHashCode(). |
| HashedButNoHash.cs:23:18:23:21 | this access | This expression is hashed, but type 'Test' only defines Equals(...) not GetHashCode(). |
| HashedButNoHash.cs:24:23:24:26 | this access | This expression is hashed, but type 'Test' only defines Equals(...) not GetHashCode(). |
| HashedButNoHash.cs:27:16:27:19 | this access | This expression is hashed, but type 'Test' only defines Equals(...) not GetHashCode(). |
| HashedButNoHash.cs:28:21:28:24 | this access | This expression is hashed, but type 'Test' only defines Equals(...) not GetHashCode(). |
| HashedButNoHash.cs:29:19:29:22 | this access | This expression is hashed, but type 'Test' only defines Equals(...) not GetHashCode(). |
