| tsconfig.json:0:0:0:0 | tsconfig.json |
| tst.ts:0:0:0:0 | tst.ts |
