| gen_static.rs:4:5:7:23 | Static | gen_static.rs:7:21:7:22 | 42 |
