| gen_visibility.rs:7:7:7:9 | Visibility | hasPath: | no |
