| gen_let_else.rs:7:23:9:5 | else {...} | hasBlockExpr: | yes |
