| gen_ptr_type_repr.rs:7:12:7:21 | PtrTypeRepr | isConst: | yes | isMut: | no | hasTypeRepr: | yes |
| gen_ptr_type_repr.rs:8:12:8:19 | PtrTypeRepr | isConst: | no | isMut: | yes | hasTypeRepr: | yes |
