ql/javascript/ql/src/Declarations/IneffectiveParameterType.ql
ql/javascript/ql/src/Expressions/ExprHasNoEffect.ql
ql/javascript/ql/src/Expressions/MissingAwait.ql
ql/javascript/ql/src/LanguageFeatures/SpuriousArguments.ql
ql/javascript/ql/src/Quality/UnhandledErrorInStreamPipeline.ql
ql/javascript/ql/src/RegExp/RegExpAlwaysMatches.ql
