| test.cpp:4:13:4:13 | i |
| test.cpp:4:13:4:18 | ... <? ... |
| test.cpp:4:18:4:18 | j |
| test.cpp:5:13:5:13 | i |
| test.cpp:5:13:5:18 | ... >? ... |
| test.cpp:5:18:5:18 | j |
