| gen_paren_type_repr.rs:7:12:7:16 | (i32) | hasTypeRepr: | yes |
