| gen_macro_call.rs:7:5:7:29 | println!... | gen_macro_call.rs:7:13:7:29 | TokenTree |
| gen_macro_call.rs:7:14:7:28 | ...::format_args_nl!... | gen_macro_call.rs:7:14:7:28 | TokenTree |
