| gen_while_expr.rs:7:5:9:5 | while ... { ... } | gen_while_expr.rs:7:11:7:16 | ... < ... |
