| gen_while_expr.rs:7:5:9:5 | while ... { ... } | hasLabel: | no | hasLoopBody: | yes | getNumberOfAttrs: | 0 | hasCondition: | yes |
